.........................................ssss...............................................................
----------------------------------------------------------------------
Ran 108 tests in 3.003s

OK (skipped=4)
{'updated_at': datetime.datetime(2024, 8, 2, 11, 35, 46, 8125), 'created_at': datetime.datetime(2024, 8, 2, 11, 35, 46, 8125), 'id': '1b642e5d-0a07-409f-a70a-52cdb0649629'}
